// Jest Snapshot v1, https://goo.gl/fbAQLP

exports[`Movies test Movies should match snapshot 1`] = `""`;
